Active-HDL 15.0.261.9132 2025-11-27 15:52:59

Elaboration top modules:
Architecture                  USUARIO_ARCHITECTURE(usuario)


------------------------------------------------------------------------------------------------------------------------------
Entity             | Architecture                    | Library       | Info | Compiler Version          | Compilation Options
------------------------------------------------------------------------------------------------------------------------------
usuario            | USUARIO_ARCHITECTURE            | tda_1819      |      | 15.0.261.9132 (Windows64) | -O3
pc                 | PC_ARCHITECTURE                 | tda_1819      |      | 15.0.261.9132 (Windows64) | -O3
ensamblador        | ENSAMBLADOR_ARCHITECTURE        | tda_1819      |      | 15.0.261.9132 (Windows64) | -O3
cpu                | CPU_ARCHITECTURE                | tda_1819      |      | 15.0.261.9132 (Windows64) | -O3
buses_admin        | BUSES_ADMIN_ARCHITECTURE        | tda_1819      |      | 15.0.261.9132 (Windows64) | -O3
memoria            | MEMORIA_ARCHITECTURE            | tda_1819      |      | 15.0.261.9132 (Windows64) | -O3
ui                 | UI_ARCHITECTURE                 | tda_1819      |      | 15.0.261.9132 (Windows64) | -O3
etapas             | ETAPAS_ARCHITECTURE             | tda_1819      |      | 15.0.261.9132 (Windows64) | -O3
pipeline_registros | pipeline_registros_architecture | tda_1819      |      | 15.0.261.9132 (Windows64) | -O3
atascos            | ATASCOS_ARCHITECTURE            | tda_1819      |      | 15.0.261.9132 (Windows64) | -O3
cpu_admin          | cpu_admin_architecture          | tda_1819      |      | 15.0.261.9132 (Windows64) | -O3
reloj              | reloj_architecture              | tda_1819      |      | 15.0.261.9132 (Windows64) | -O3
registros          | REGISTROS_ARCHITECTURE          | tda_1819      |      | 15.0.261.9132 (Windows64) | -O3
states_machine     | STATES_MACHINE_ARCHITECTURE     | tda_1819      |      | 15.0.261.9132 (Windows64) | -O3
registros_fp       | REGISTROS_FP_ARCHITECTURE       | tda_1819      |      | 15.0.261.9132 (Windows64) | -O3
fetch              | fetch_architecture              | tda_1819      |      | 15.0.261.9132 (Windows64) | -O3
decode             | decode_architecture             | tda_1819      |      | 15.0.261.9132 (Windows64) | -O3
execute            | EXECUTE_ARCHITECTURE            | tda_1819      |      | 15.0.261.9132 (Windows64) | -O3
memory_access      | MEMORY_ACCESS_ARCHITECTURE      | tda_1819      |      | 15.0.261.9132 (Windows64) | -O3
writeback          | WRITEBACK_ARCHITECTURE          | tda_1819      |      | 15.0.261.9132 (Windows64) | -O3
execute_alu        | EXECUTE_ALU_ARCHITECTURE        | tda_1819      |      | 15.0.261.9132 (Windows64) | -O3
execute_fpu        | EXECUTE_FPU_ARCHITECTURE        | tda_1819      |      | 15.0.261.9132 (Windows64) | -O3
str_detector       | STR_DETECTOR_ARCHITECTURE       | tda_1819      |      | 15.0.261.9132 (Windows64) | -O3
raw_waw_detector   | RAW_WAW_DETECTOR_ARCHITECTURE   | tda_1819      |      | 15.0.261.9132 (Windows64) | -O3
------------------------------------------------------------------------------------------------------------------------------

------------------------------------------------------------------------------------------------------------------------------
VHDL Package                                         | Library       | Info | Compiler Version          | Compilation Options
------------------------------------------------------------------------------------------------------------------------------
standard                                             | std           |      |                           | <unavailable>
TEXTIO                                               | std           |      | 15.0.261.9132 (Windows64) |  -2019
std_logic_1164                                       | ieee          |      | 15.0.261.9132 (Windows64) |  -2008
tipos_ensamblador                                    | tda_1819      |      | 15.0.261.9132 (Windows64) | -O3
NUMERIC_STD                                          | ieee          |      | 15.0.261.9132 (Windows64) |  -2008
tipos_cpu                                            | tda_1819      |      | 15.0.261.9132 (Windows64) | -O3
repert_cpu                                           | tda_1819      |      | 15.0.261.9132 (Windows64) | -O3
const_ensamblador                                    | tda_1819      |      | 15.0.261.9132 (Windows64) | -O3
const_buses                                          | tda_1819      |      | 15.0.261.9132 (Windows64) | -O3
fixed_float_types                                    | ieee_proposed |      | 15.0.261.9132 (Windows64) | <unavailable>
MATH_REAL                                            | ieee          |      | 15.0.261.9132 (Windows64) | <unavailable>
fixed_pkg                                            | ieee_proposed |      | 15.0.261.9132 (Windows64) | <unavailable>
float_pkg                                            | ieee_proposed |      | 15.0.261.9132 (Windows64) | <unavailable>
const_memoria                                        | tda_1819      |      | 15.0.261.9132 (Windows64) | -O3
tipos_ascii                                          | tda_1819      |      | 15.0.261.9132 (Windows64) | -O3
const_ascii                                          | tda_1819      |      | 15.0.261.9132 (Windows64) | -O3
const_registros                                      | tda_1819      |      | 15.0.261.9132 (Windows64) | -O3
func_ensamblador                                     | tda_1819      |      | 15.0.261.9132 (Windows64) | -O3
tipos_memoria                                        | tda_1819      |      | 15.0.261.9132 (Windows64) | -O3
const_cpu                                            | tda_1819      |      | 15.0.261.9132 (Windows64) | -O3
const_flags                                          | tda_1819      |      | 15.0.261.9132 (Windows64) | -O3
const_reloj                                          | tda_1819      |      | 15.0.261.9132 (Windows64) | -O3
------------------------------------------------------------------------------------------------------------------------------

--------------------------------------------------------------------------------------------------------------------------------------------
Library                                              | Comment
--------------------------------------------------------------------------------------------------------------------------------------------
ieee                                                 | Standard IEEE packages library
ieee_proposed                                        | VHDL '93 compatible version of the proposed packages for the IEEE 1076-2008 standard
std                                                  | Standard VHDL library
tda_1819                                             | None
--------------------------------------------------------------------------------------------------------------------------------------------


Simulation Options: asim -t ns -O5 +access +r +m+usuario usuario usuario_architecture


The performance of simulation is reduced. Version Student Edition
